// Jest Snapshot v1, https://goo.gl/fbAQLP

exports[`Login component should render correctly 1`] = `
Object {
  "asFragment": [Function],
  "baseElement": <body>
    <div>
      <div
        class="loginPage"
      >
        <form
          class="form"
        >
          <div
            class="top"
          >
            <span
              class="color-white"
            >
              Don't have an account yet? 
              <a
                href="/register"
              >
                Register Here
              </a>
            </span>
            <header>
              Login
            </header>
          </div>
          <div
            class="input-field"
          >
            <input
              id="email"
              name="email"
              placeholder="email"
              type="email"
              value=""
            />
          </div>
          <div
            class="input-field"
          >
            <input
              placeholder="password"
              type="password"
              value=""
            />
          </div>
          <button
            class="submit"
            type="submit"
          >
            Login
          </button>
        </form>
      </div>
    </div>
  </body>,
  "container": <div>
    <div
      class="loginPage"
    >
      <form
        class="form"
      >
        <div
          class="top"
        >
          <span
            class="color-white"
          >
            Don't have an account yet? 
            <a
              href="/register"
            >
              Register Here
            </a>
          </span>
          <header>
            Login
          </header>
        </div>
        <div
          class="input-field"
        >
          <input
            id="email"
            name="email"
            placeholder="email"
            type="email"
            value=""
          />
        </div>
        <div
          class="input-field"
        >
          <input
            placeholder="password"
            type="password"
            value=""
          />
        </div>
        <button
          class="submit"
          type="submit"
        >
          Login
        </button>
      </form>
    </div>
  </div>,
  "debug": [Function],
  "findAllByAltText": [Function],
  "findAllByDisplayValue": [Function],
  "findAllByLabelText": [Function],
  "findAllByPlaceholderText": [Function],
  "findAllByRole": [Function],
  "findAllByTestId": [Function],
  "findAllByText": [Function],
  "findAllByTitle": [Function],
  "findByAltText": [Function],
  "findByDisplayValue": [Function],
  "findByLabelText": [Function],
  "findByPlaceholderText": [Function],
  "findByRole": [Function],
  "findByTestId": [Function],
  "findByText": [Function],
  "findByTitle": [Function],
  "getAllByAltText": [Function],
  "getAllByDisplayValue": [Function],
  "getAllByLabelText": [Function],
  "getAllByPlaceholderText": [Function],
  "getAllByRole": [Function],
  "getAllByTestId": [Function],
  "getAllByText": [Function],
  "getAllByTitle": [Function],
  "getByAltText": [Function],
  "getByDisplayValue": [Function],
  "getByLabelText": [Function],
  "getByPlaceholderText": [Function],
  "getByRole": [Function],
  "getByTestId": [Function],
  "getByText": [Function],
  "getByTitle": [Function],
  "queryAllByAltText": [Function],
  "queryAllByDisplayValue": [Function],
  "queryAllByLabelText": [Function],
  "queryAllByPlaceholderText": [Function],
  "queryAllByRole": [Function],
  "queryAllByTestId": [Function],
  "queryAllByText": [Function],
  "queryAllByTitle": [Function],
  "queryByAltText": [Function],
  "queryByDisplayValue": [Function],
  "queryByLabelText": [Function],
  "queryByPlaceholderText": [Function],
  "queryByRole": [Function],
  "queryByTestId": [Function],
  "queryByText": [Function],
  "queryByTitle": [Function],
  "rerender": [Function],
  "unmount": [Function],
}
`;
