// Jest Snapshot v1, https://goo.gl/fbAQLP

exports[`Register component should render correctly 1`] = `
Object {
  "asFragment": [Function],
  "baseElement": <body>
    <div>
      <div
        class="registerPage"
      >
        <form
          class="form"
        >
          <div
            class="top"
          >
            <header>
              Sign Up
            </header>
            <div
              class="input-field reg-field"
            >
              <input
                id="name"
                name="name"
                placeholder="Name"
                required=""
                type="text"
                value=""
              />
            </div>
            <div
              class="input-field reg-field"
            >
              <input
                id="email"
                name="email"
                placeholder="Email"
                required=""
                type="email"
                value=""
              />
            </div>
            <div
              class="input-field reg-field"
            >
              <input
                id="password"
                name="password"
                placeholder="Password"
                required=""
                type="password"
                value=""
              />
            </div>
            <div
              class="input-field reg-field"
            >
              <input
                id="confirmPassword"
                name="confirmPassword"
                placeholder="confirmPassword"
                required=""
                type="password"
                value=""
              />
            </div>
            <button
              class="submit"
              type="submit"
            >
              Sign Up
            </button>
            <div
              class="two-col"
            >
              <div
                class="one"
              >
                <p>
                  Already have an account? 
                </p>
                <p>
                  <a
                    class="whiteLink"
                    href="/login"
                  >
                    Login Here
                  </a>
                </p>
              </div>
            </div>
          </div>
        </form>
      </div>
    </div>
  </body>,
  "container": <div>
    <div
      class="registerPage"
    >
      <form
        class="form"
      >
        <div
          class="top"
        >
          <header>
            Sign Up
          </header>
          <div
            class="input-field reg-field"
          >
            <input
              id="name"
              name="name"
              placeholder="Name"
              required=""
              type="text"
              value=""
            />
          </div>
          <div
            class="input-field reg-field"
          >
            <input
              id="email"
              name="email"
              placeholder="Email"
              required=""
              type="email"
              value=""
            />
          </div>
          <div
            class="input-field reg-field"
          >
            <input
              id="password"
              name="password"
              placeholder="Password"
              required=""
              type="password"
              value=""
            />
          </div>
          <div
            class="input-field reg-field"
          >
            <input
              id="confirmPassword"
              name="confirmPassword"
              placeholder="confirmPassword"
              required=""
              type="password"
              value=""
            />
          </div>
          <button
            class="submit"
            type="submit"
          >
            Sign Up
          </button>
          <div
            class="two-col"
          >
            <div
              class="one"
            >
              <p>
                Already have an account? 
              </p>
              <p>
                <a
                  class="whiteLink"
                  href="/login"
                >
                  Login Here
                </a>
              </p>
            </div>
          </div>
        </div>
      </form>
    </div>
  </div>,
  "debug": [Function],
  "findAllByAltText": [Function],
  "findAllByDisplayValue": [Function],
  "findAllByLabelText": [Function],
  "findAllByPlaceholderText": [Function],
  "findAllByRole": [Function],
  "findAllByTestId": [Function],
  "findAllByText": [Function],
  "findAllByTitle": [Function],
  "findByAltText": [Function],
  "findByDisplayValue": [Function],
  "findByLabelText": [Function],
  "findByPlaceholderText": [Function],
  "findByRole": [Function],
  "findByTestId": [Function],
  "findByText": [Function],
  "findByTitle": [Function],
  "getAllByAltText": [Function],
  "getAllByDisplayValue": [Function],
  "getAllByLabelText": [Function],
  "getAllByPlaceholderText": [Function],
  "getAllByRole": [Function],
  "getAllByTestId": [Function],
  "getAllByText": [Function],
  "getAllByTitle": [Function],
  "getByAltText": [Function],
  "getByDisplayValue": [Function],
  "getByLabelText": [Function],
  "getByPlaceholderText": [Function],
  "getByRole": [Function],
  "getByTestId": [Function],
  "getByText": [Function],
  "getByTitle": [Function],
  "queryAllByAltText": [Function],
  "queryAllByDisplayValue": [Function],
  "queryAllByLabelText": [Function],
  "queryAllByPlaceholderText": [Function],
  "queryAllByRole": [Function],
  "queryAllByTestId": [Function],
  "queryAllByText": [Function],
  "queryAllByTitle": [Function],
  "queryByAltText": [Function],
  "queryByDisplayValue": [Function],
  "queryByLabelText": [Function],
  "queryByPlaceholderText": [Function],
  "queryByRole": [Function],
  "queryByTestId": [Function],
  "queryByText": [Function],
  "queryByTitle": [Function],
  "rerender": [Function],
  "unmount": [Function],
}
`;
